Prism Launcher version: 10.0.2 (archlinux)


Launched instance in online mode

login.microsoftonline.com resolves to:
    [20.190.160.132, 20.190.160.66, 20.190.160.2, 40.126.32.140, 20.190.160.128, 20.190.160.65, 40.126.32.74, 20.190.160.67, 2603:1026:3000:148::e, 2603:1026:3000:150::6, 2603:1027:1:150::5, 2603:1027:1:158::c, 2603:1026:3000:158::5, 2603:1026:3000:148::10, 2603:1027:1:150::4, 2603:1026:3000:158::4]


session.minecraft.net resolves to:
    [13.107.246.42, 13.107.213.42, 2620:1ec:46::42, 2620:1ec:bdf::42]


textures.minecraft.net resolves to:
    [13.107.246.42, 13.107.213.42, 2620:1ec:46::42, 2620:1ec:bdf::42]


api.mojang.com resolves to:
    [13.107.213.42, 13.107.246.42, 2620:1ec:bdf::42, 2620:1ec:46::42]


Minecraft folder is:
/home/********/.local/share/PrismLauncher/instances/Gathering Chunks - Fabric/minecraft


Java path is:
/home/********/.local/share/PrismLauncher/java/java-runtime-delta/bin/java


Java is version 21.0.7, using 64 (amd64) architecture, from Microsoft.


Intel(R) Core(TM) i7-3610QM CPU @ 2.30GHz
Intel Corporation 3rd Gen Core processor Graphics Controller (rev 09)

Subsystem: ASUSTeK Computer Inc. Device 1477

Kernel driver in use: i915

NVIDIA Corporation GF108M [GeForce GT 620M/630M/635M/640M LE] (rev a1)

Subsystem: ASUSTeK Computer Inc. Device 1477

Kernel driver in use: nvidia

OpenGL version string: 4.6.0 NVIDIA 390.157

Main Class:
  net.fabricmc.loader.impl.launch.knot.KnotClient

Native path:
  /home/********/.local/share/PrismLauncher/instances/Gathering Chunks - Fabric/natives

Traits:
traits FirstThreadOnMacOS
traits feature:is_quick_play_singleplayer
traits XR:Initial
traits feature:is_quick_play_multiplayer

Libraries:
  /home/********/.local/share/PrismLauncher/libraries/org/lwjgl/lwjgl-freetype-natives-linux/3.3.3/lwjgl-freetype-natives-linux-3.3.3.jar
  /home/********/.local/share/PrismLauncher/libraries/org/lwjgl/lwjgl-freetype/3.3.3/lwjgl-freetype-3.3.3.jar
  /home/********/.local/share/PrismLauncher/libraries/org/lwjgl/lwjgl-glfw-natives-linux/3.3.3/lwjgl-glfw-natives-linux-3.3.3.jar
  /home/********/.local/share/PrismLauncher/libraries/org/lwjgl/lwjgl-glfw/3.3.3/lwjgl-glfw-3.3.3.jar
  /home/********/.local/share/PrismLauncher/libraries/org/lwjgl/lwjgl-jemalloc-natives-linux/3.3.3/lwjgl-jemalloc-natives-linux-3.3.3.jar
  /home/********/.local/share/PrismLauncher/libraries/org/lwjgl/lwjgl-jemalloc/3.3.3/lwjgl-jemalloc-3.3.3.jar
  /home/********/.local/share/PrismLauncher/libraries/org/lwjgl/lwjgl-natives-linux/3.3.3/lwjgl-natives-linux-3.3.3.jar
  /home/********/.local/share/PrismLauncher/libraries/org/lwjgl/lwjgl-openal-natives-linux/3.3.3/lwjgl-openal-natives-linux-3.3.3.jar
  /home/********/.local/share/PrismLauncher/libraries/org/lwjgl/lwjgl-openal/3.3.3/lwjgl-openal-3.3.3.jar
  /home/********/.local/share/PrismLauncher/libraries/org/lwjgl/lwjgl-opengl-natives-linux/3.3.3/lwjgl-opengl-natives-linux-3.3.3.jar
  /home/********/.local/share/PrismLauncher/libraries/org/lwjgl/lwjgl-opengl/3.3.3/lwjgl-opengl-3.3.3.jar
  /home/********/.local/share/PrismLauncher/libraries/org/lwjgl/lwjgl-stb-natives-linux/3.3.3/lwjgl-stb-natives-linux-3.3.3.jar
  /home/********/.local/share/PrismLauncher/libraries/org/lwjgl/lwjgl-stb/3.3.3/lwjgl-stb-3.3.3.jar
  /home/********/.local/share/PrismLauncher/libraries/org/lwjgl/lwjgl-tinyfd-natives-linux/3.3.3/lwjgl-tinyfd-natives-linux-3.3.3.jar
  /home/********/.local/share/PrismLauncher/libraries/org/lwjgl/lwjgl-tinyfd/3.3.3/lwjgl-tinyfd-3.3.3.jar
  /home/********/.local/share/PrismLauncher/libraries/org/lwjgl/lwjgl/3.3.3/lwjgl-3.3.3.jar
  /home/********/.local/share/PrismLauncher/libraries/com/github/oshi/oshi-core/6.4.10/oshi-core-6.4.10.jar
  /home/********/.local/share/PrismLauncher/libraries/com/google/code/gson/gson/2.10.1/gson-2.10.1.jar
  /home/********/.local/share/PrismLauncher/libraries/com/google/guava/failureaccess/1.0.1/failureaccess-1.0.1.jar
  /home/********/.local/share/PrismLauncher/libraries/com/google/guava/guava/32.1.2-jre/guava-32.1.2-jre.jar
  /home/********/.local/share/PrismLauncher/libraries/com/ibm/icu/icu4j/73.2/icu4j-73.2.jar
  /home/********/.local/share/PrismLauncher/libraries/com/mojang/authlib/6.0.54/authlib-6.0.54.jar
  /home/********/.local/share/PrismLauncher/libraries/com/mojang/blocklist/1.0.10/blocklist-1.0.10.jar
  /home/********/.local/share/PrismLauncher/libraries/com/mojang/brigadier/1.3.10/brigadier-1.3.10.jar
  /home/********/.local/share/PrismLauncher/libraries/com/mojang/datafixerupper/8.0.16/datafixerupper-8.0.16.jar
  /home/********/.local/share/PrismLauncher/libraries/com/mojang/logging/1.2.7/logging-1.2.7.jar
  /home/********/.local/share/PrismLauncher/libraries/com/mojang/patchy/2.2.10/patchy-2.2.10.jar
  /home/********/.local/share/PrismLauncher/libraries/com/mojang/text2speech/1.17.9/text2speech-1.17.9.jar
  /home/********/.local/share/PrismLauncher/libraries/commons-codec/commons-codec/1.16.0/commons-codec-1.16.0.jar
  /home/********/.local/share/PrismLauncher/libraries/commons-io/commons-io/2.15.1/commons-io-2.15.1.jar
  /home/********/.local/share/PrismLauncher/libraries/commons-logging/commons-logging/1.2/commons-logging-1.2.jar
  /home/********/.local/share/PrismLauncher/libraries/io/netty/netty-buffer/4.1.97.Final/netty-buffer-4.1.97.Final.jar
  /home/********/.local/share/PrismLauncher/libraries/io/netty/netty-codec/4.1.97.Final/netty-codec-4.1.97.Final.jar
  /home/********/.local/share/PrismLauncher/libraries/io/netty/netty-common/4.1.97.Final/netty-common-4.1.97.Final.jar
  /home/********/.local/share/PrismLauncher/libraries/io/netty/netty-handler/4.1.97.Final/netty-handler-4.1.97.Final.jar
  /home/********/.local/share/PrismLauncher/libraries/io/netty/netty-resolver/4.1.97.Final/netty-resolver-4.1.97.Final.jar
  /home/********/.local/share/PrismLauncher/libraries/io/netty/netty-transport-classes-epoll/4.1.97.Final/netty-transport-classes-epoll-4.1.97.Final.jar
  /home/********/.local/share/PrismLauncher/libraries/io/netty/netty-transport-native-epoll/4.1.97.Final/netty-transport-native-epoll-4.1.97.Final-linux-aarch_64.jar
  /home/********/.local/share/PrismLauncher/libraries/io/netty/netty-transport-native-epoll/4.1.97.Final/netty-transport-native-epoll-4.1.97.Final-linux-x86_64.jar
  /home/********/.local/share/PrismLauncher/libraries/io/netty/netty-transport-native-unix-common/4.1.97.Final/netty-transport-native-unix-common-4.1.97.Final.jar
  /home/********/.local/share/PrismLauncher/libraries/io/netty/netty-transport/4.1.97.Final/netty-transport-4.1.97.Final.jar
  /home/********/.local/share/PrismLauncher/libraries/it/unimi/dsi/fastutil/8.5.12/fastutil-8.5.12.jar
  /home/********/.local/share/PrismLauncher/libraries/net/java/dev/jna/jna-platform/5.14.0/jna-platform-5.14.0.jar
  /home/********/.local/share/PrismLauncher/libraries/net/java/dev/jna/jna/5.14.0/jna-5.14.0.jar
  /home/********/.local/share/PrismLauncher/libraries/net/sf/jopt-simple/jopt-simple/5.0.4/jopt-simple-5.0.4.jar
  /home/********/.local/share/PrismLauncher/libraries/org/apache/commons/commons-compress/1.26.0/commons-compress-1.26.0.jar
  /home/********/.local/share/PrismLauncher/libraries/org/apache/commons/commons-lang3/3.14.0/commons-lang3-3.14.0.jar
  /home/********/.local/share/PrismLauncher/libraries/org/apache/httpcomponents/httpclient/4.5.13/httpclient-4.5.13.jar
  /home/********/.local/share/PrismLauncher/libraries/org/apache/httpcomponents/httpcore/4.4.16/httpcore-4.4.16.jar
  /home/********/.local/share/PrismLauncher/libraries/org/apache/logging/log4j/log4j-api/2.22.1/log4j-api-2.22.1.jar
  /home/********/.local/share/PrismLauncher/libraries/org/apache/logging/log4j/log4j-core/2.22.1/log4j-core-2.22.1.jar
  /home/********/.local/share/PrismLauncher/libraries/org/apache/logging/log4j/log4j-slf4j2-impl/2.22.1/log4j-slf4j2-impl-2.22.1.jar
  /home/********/.local/share/PrismLauncher/libraries/org/jcraft/jorbis/0.0.17/jorbis-0.0.17.jar
  /home/********/.local/share/PrismLauncher/libraries/org/joml/joml/1.10.5/joml-1.10.5.jar
  /home/********/.local/share/PrismLauncher/libraries/org/lz4/lz4-java/1.8.0/lz4-java-1.8.0.jar
  /home/********/.local/share/PrismLauncher/libraries/org/slf4j/slf4j-api/2.0.9/slf4j-api-2.0.9.jar
  /home/********/.local/share/PrismLauncher/libraries/net/fabricmc/intermediary/1.21.1/intermediary-1.21.1.jar
  /home/********/.local/share/PrismLauncher/libraries/org/ow2/asm/asm/9.9/asm-9.9.jar
  /home/********/.local/share/PrismLauncher/libraries/org/ow2/asm/asm-analysis/9.9/asm-analysis-9.9.jar
  /home/********/.local/share/PrismLauncher/libraries/org/ow2/asm/asm-commons/9.9/asm-commons-9.9.jar
  /home/********/.local/share/PrismLauncher/libraries/org/ow2/asm/asm-tree/9.9/asm-tree-9.9.jar
  /home/********/.local/share/PrismLauncher/libraries/org/ow2/asm/asm-util/9.9/asm-util-9.9.jar
  /home/********/.local/share/PrismLauncher/libraries/net/fabricmc/sponge-mixin/0.17.0+mixin.0.8.7/sponge-mixin-0.17.0+mixin.0.8.7.jar
  /home/********/.local/share/PrismLauncher/libraries/net/fabricmc/fabric-loader/0.18.4/fabric-loader-0.18.4.jar
  /home/********/.local/share/PrismLauncher/libraries/com/mojang/minecraft/1.21.1/minecraft-1.21.1-client.jar

Native libraries:

Mods:
  [✔] fabric-api-0.116.8+1.21.1
  [✔] GatheringChunks-fabric-1.21.1-2.2.5

Params:
  --username  --version 1.21.1 --gameDir /home/********/.local/share/PrismLauncher/instances/Gathering Chunks - Fabric/minecraft --assetsDir /home/********/.local/share/PrismLauncher/assets --assetIndex 17 --uuid  --accessToken  --userType  --versionType release

Window size: 854 x 480

Launcher: standard

Java Arguments:
[-Xms512m, -Xmx4096m, -Duser.language=en]


Minecraft process ID: 203262


[09:16:46] [main/INFO]: Loading Minecraft 1.21.1 with Fabric Loader 0.18.4
[09:16:47] [main/INFO]: Loading 54 mods:
	- fabric-api 0.116.8+1.21.1
	   |-- fabric-api-base 0.4.42+6573ed8c19
	   |-- fabric-api-lookup-api-v1 1.6.71+b559734419
	   |-- fabric-biome-api-v1 13.0.31+d527f9fd19
	   |-- fabric-block-api-v1 1.1.0+0bc3503219
	   |-- fabric-block-view-api-v2 1.0.11+ebb2264e19
	   |-- fabric-blockrenderlayer-v1 1.1.52+0af3f5a719
	   |-- fabric-client-tags-api-v1 1.1.15+6573ed8c19
	   |-- fabric-command-api-v1 1.2.49+f71b366f19
	   |-- fabric-command-api-v2 2.2.28+6ced4dd919
	   |-- fabric-commands-v0 0.2.66+df3654b319
	   |-- fabric-content-registries-v0 8.0.19+b559734419
	   |-- fabric-convention-tags-v1 2.1.6+7f945d5b19
	   |-- fabric-convention-tags-v2 2.11.2+fa89716719
	   |-- fabric-crash-report-info-v1 0.2.29+0af3f5a719
	   |-- fabric-data-attachment-api-v1 1.4.6+5b36e0f719
	   |-- fabric-data-generation-api-v1 20.2.35+37516cd619
	   |-- fabric-dimensions-v1 4.0.1+65213ef819
	   |-- fabric-entity-events-v1 1.8.0+2b27e0a419
	   |-- fabric-events-interaction-v0 0.7.13+ba9dae0619
	   |-- fabric-game-rule-api-v1 1.0.53+6ced4dd919
	   |-- fabric-item-api-v1 11.2.0+3b3cb2e819
	   |-- fabric-item-group-api-v1 4.1.7+def88e3a19
	   |-- fabric-key-binding-api-v1 1.0.47+0af3f5a719
	   |-- fabric-keybindings-v0 0.2.45+df3654b319
	   |-- fabric-lifecycle-events-v1 2.6.0+0865547519
	   |-- fabric-loot-api-v2 3.0.15+3f89f5a519
	   |-- fabric-loot-api-v3 1.0.3+3f89f5a519
	   |-- fabric-message-api-v1 6.0.14+8aaf3aca19
	   |-- fabric-model-loading-api-v1 2.1.0+b4d813fc19
	   |-- fabric-networking-api-v1 4.3.0+c7469b2119
	   |-- fabric-object-builder-api-v1 15.2.1+40875a9319
	   |-- fabric-particles-v1 4.0.2+6573ed8c19
	   |-- fabric-recipe-api-v1 5.0.15+2475392c19
	   |-- fabric-registry-sync-v0 5.3.1+e3eddc2119
	   |-- fabric-renderer-api-v1 3.4.1+b4d813fc19
	   |-- fabric-renderer-indigo 1.7.1+c705a49c19
	   |-- fabric-renderer-registries-v1 3.2.69+df3654b319
	   |-- fabric-rendering-data-attachment-v1 0.3.49+73761d2e19
	   |-- fabric-rendering-fluids-v1 3.1.6+1daea21519
	   |-- fabric-rendering-v0 1.1.72+df3654b319
	   |-- fabric-rendering-v1 5.1.0+ab4c25a019
	   |-- fabric-resource-conditions-api-v1 4.3.0+8dc279b119
	   |-- fabric-resource-loader-v0 1.3.1+5b5275af19
	   |-- fabric-screen-api-v1 2.0.25+8b68f1c719
	   |-- fabric-screen-handler-api-v1 1.3.90+b559734419
	   |-- fabric-sound-api-v1 1.0.23+6573ed8c19
	   |-- fabric-transfer-api-v1 5.4.3+c24bd99419
	   \-- fabric-transitive-access-wideners-v1 6.2.0+45b9699719
	- fabricloader 0.18.4
	   \-- mixinextras 0.5.0
	- gatheringchunks 2.2.5
	- java 21
	- minecraft 1.21.1
[09:16:47] [main/INFO]: SpongePowered MIXIN Subsystem Version=0.8.7 Source=file:/home/********/.local/share/PrismLauncher/libraries/net/fabricmc/sponge-mixin/0.17.0+mixin.0.8.7/sponge-mixin-0.17.0+mixin.0.8.7.jar Service=Knot/Fabric Env=CLIENT
[09:16:48] [main/INFO]: Compatibility level set to JAVA_17
[09:16:48] [main/INFO]: Compatibility level set to JAVA_21
[09:16:48] [main/WARN]: Reference map 'gatheringchunks-fabric-refmap.json' for gatheringchunks.mixins.json could not be read. If this is a development environment you can ignore this message
[09:16:52] [main/INFO]: Initializing MixinExtras via com.llamalad7.mixinextras.service.MixinExtrasServiceImpl(version=0.5.0).
[09:16:53] [Datafixer Bootstrap/INFO]: 226 Datafixer optimizations took 480 milliseconds
[09:17:06] [Render thread/INFO]: Environment: Environment[sessionHost=https://sessionserver.mojang.com, servicesHost=https://api.minecraftservices.com, name=PROD]
[09:17:06] [Render thread/INFO]: Setting user: Ryvione
[09:17:07] [Render thread/INFO]: Fabric mod initializing
[09:17:07] [Render thread/INFO]: [Indigo] Registering Indigo renderer!
[09:17:08] [Render thread/INFO]: Client Initializing
[09:17:08] [Render thread/INFO]: Checking for mod updates...
[09:17:08] [ForkJoinPool.commonPool-worker-1/INFO]: [UpdateChecker] Starting update check...
[09:17:08] [ForkJoinPool.commonPool-worker-1/INFO]: [UpdateChecker] Current version: Gathering Chunks 2.2.5 Beta 3.4 - Hotfix 2
[09:17:08] [ForkJoinPool.commonPool-worker-1/INFO]: [UpdateChecker] API URL: https://ryvux-api.nexusraven4545.workers.dev/mods/gathering-chunks
[09:17:08] [ForkJoinPool.commonPool-worker-1/INFO]: [UpdateChecker] Connecting to API...
[09:17:08] [ForkJoinPool.commonPool-worker-1/INFO]: [UpdateChecker] Response code: 200
[09:17:08] [ForkJoinPool.commonPool-worker-1/INFO]: [UpdateChecker] API Response: {"id":"gathering-chunks","name":"Gathering Chunks","summary":"Expand your world chunk by chunk.","latest_release":null,"latest_beta":{"version":"2.2.5-Beta.3.4-Hotfix.2","changelog":"# Gathering Chunks 2.2.5 — Beta 3.4 — Hotfix 1 ⁨\n\n**NOTE:BOTH FABRIC AND NEOFORGE ARE AVAILABLE.**\n**IMPORTANT: I DID NOT TESTED BOTH OF THEM**\n\n### Changes\n\n* Updated the Config screen to use sliders instead of repeatedly clicking the same button.\n* Fixed the Config resetting after restarting the game.\n* Updated Placements for Chunk Spawner, it will not overwrite a chunk anymore when placed in void\n\n### Fixes\n\n* Fixed Chunk Boundaries remaining enforced even when disabled in the Config.\n* Fixed Fabric issue where all other chunks disappeared when the Chunk Engine was not present (even if disabled in Config).\n* Fixed Config Chunk Max & Min depth settings not functioning correctly.\n* Fixed disabling the Chest command in Config not actually disabling it.\n* Fixed water randomly stopping its flow inside chunks.\n* Fixed LAN world issue where coordinates were not saved, causing players to be kicked to spawn.\n* Totally Fixed Nether\n\n\n**If you encounter any issues, please report them on:**\n[Issues Channel](https://discord.com/channels/1451285941141635248/1466391626342465608)","timestamp":1770397471}}
[09:17:08] [ForkJoinPool.commonPool-worker-1/WARN]: [UpdateChecker] No latest_release found in API response
[09:17:08] [ForkJoinPool.commonPool-worker-1/INFO]: [UpdateChecker] Latest beta version: Gathering Chunks 2.2.5 Beta 3.4 - Hotfix 2
[09:17:08] [ForkJoinPool.commonPool-worker-1/INFO]: [UpdateChecker] Running latest beta version
[09:17:08] [ForkJoinPool.commonPool-worker-1/INFO]: [UpdateChecker] Update check complete. Update available: false
[09:17:09] [Render thread/INFO]: Backend library: LWJGL version 3.3.3-snapshot
[W][09:17:11.598970] pw.conf      | [          conf.c: 1204 pw_conf_load_conf_for_context()] setting config.name to client-rt.conf is deprecated, using client.conf
[09:17:12] [Render thread/ERROR]: Error while loading the narrator
com.mojang.text2speech.Narrator$InitializeException: Failed to load library flite
	at knot/com.mojang.text2speech.NarratorLinux$FliteLibrary.loadNative(NarratorLinux.java:69) ~[text2speech-1.17.9.jar:?]
	at knot/com.mojang.text2speech.NarratorLinux.<init>(NarratorLinux.java:18) ~[text2speech-1.17.9.jar:?]
	at knot/com.mojang.text2speech.Narrator.getNarrator(Narrator.java:41) [text2speech-1.17.9.jar:?]
	at knot/net.minecraft.class_333.<init>(class_333.java:19) [client-intermediary.jar:?]
	at knot/net.minecraft.class_310.<init>(class_310.java:675) [client-intermediary.jar:?]
	at knot/net.minecraft.client.main.Main.main(Main.java:239) [client-intermediary.jar:?]
	at net.fabricmc.loader.impl.game.minecraft.MinecraftGameProvider.launch(MinecraftGameProvider.java:514) [fabric-loader-0.18.4.jar:?]
	at net.fabricmc.loader.impl.launch.knot.Knot.launch(Knot.java:72) [fabric-loader-0.18.4.jar:?]
	at net.fabricmc.loader.impl.launch.knot.KnotClient.main(KnotClient.java:23) [fabric-loader-0.18.4.jar:?]
	at org.prismlauncher.launcher.impl.StandardLauncher.launch(StandardLauncher.java:115) [NewLaunch.jar:?]
	at org.prismlauncher.EntryPoint.listen(EntryPoint.java:129) [NewLaunch.jar:?]
	at org.prismlauncher.EntryPoint.main(EntryPoint.java:70) [NewLaunch.jar:?]
Caused by: java.lang.UnsatisfiedLinkError: Unable to load library 'flite':
libflite.so: cannot open shared object file: No such file or directory
libflite.so: cannot open shared object file: No such file or directory
Native library (linux-x86-64/libflite.so) not found in resource path (/usr/share/PrismLauncher/NewLaunch.jar:/home/********/.local/share/PrismLauncher/libraries/org/lwjgl/lwjgl-freetype-natives-linux/3.3.3/lwjgl-freetype-natives-linux-3.3.3.jar:/home/********/.local/share/PrismLauncher/libraries/org/lwjgl/lwjgl-freetype/3.3.3/lwjgl-freetype-3.3.3.jar:/home/********/.local/share/PrismLauncher/libraries/org/lwjgl/lwjgl-glfw-natives-linux/3.3.3/lwjgl-glfw-natives-linux-3.3.3.jar:/home/********/.local/share/PrismLauncher/libraries/org/lwjgl/lwjgl-glfw/3.3.3/lwjgl-glfw-3.3.3.jar:/home/********/.local/share/PrismLauncher/libraries/org/lwjgl/lwjgl-jemalloc-natives-linux/3.3.3/lwjgl-jemalloc-natives-linux-3.3.3.jar:/home/********/.local/share/PrismLauncher/libraries/org/lwjgl/lwjgl-jemalloc/3.3.3/lwjgl-jemalloc-3.3.3.jar:/home/********/.local/share/PrismLauncher/libraries/org/lwjgl/lwjgl-natives-linux/3.3.3/lwjgl-natives-linux-3.3.3.jar:/home/********/.local/share/PrismLauncher/libraries/org/lwjgl/lwjgl-openal-natives-linux/3.3.3/lwjgl-openal-natives-linux-3.3.3.jar:/home/********/.local/share/PrismLauncher/libraries/org/lwjgl/lwjgl-openal/3.3.3/lwjgl-openal-3.3.3.jar:/home/********/.local/share/PrismLauncher/libraries/org/lwjgl/lwjgl-opengl-natives-linux/3.3.3/lwjgl-opengl-natives-linux-3.3.3.jar:/home/********/.local/share/PrismLauncher/libraries/org/lwjgl/lwjgl-opengl/3.3.3/lwjgl-opengl-3.3.3.jar:/home/********/.local/share/PrismLauncher/libraries/org/lwjgl/lwjgl-stb-natives-linux/3.3.3/lwjgl-stb-natives-linux-3.3.3.jar:/home/********/.local/share/PrismLauncher/libraries/org/lwjgl/lwjgl-stb/3.3.3/lwjgl-stb-3.3.3.jar:/home/********/.local/share/PrismLauncher/libraries/org/lwjgl/lwjgl-tinyfd-natives-linux/3.3.3/lwjgl-tinyfd-natives-linux-3.3.3.jar:/home/********/.local/share/PrismLauncher/libraries/org/lwjgl/lwjgl-tinyfd/3.3.3/lwjgl-tinyfd-3.3.3.jar:/home/********/.local/share/PrismLauncher/libraries/org/lwjgl/lwjgl/3.3.3/lwjgl-3.3.3.jar:/home/********/.local/share/PrismLauncher/libraries/com/github/oshi/oshi-core/6.4.10/oshi-core-6.4.10.jar:/home/********/.local/share/PrismLauncher/libraries/com/google/code/gson/gson/2.10.1/gson-2.10.1.jar:/home/********/.local/share/PrismLauncher/libraries/com/google/guava/failureaccess/1.0.1/failureaccess-1.0.1.jar:/home/********/.local/share/PrismLauncher/libraries/com/google/guava/guava/32.1.2-jre/guava-32.1.2-jre.jar:/home/********/.local/share/PrismLauncher/libraries/com/ibm/icu/icu4j/73.2/icu4j-73.2.jar:/home/********/.local/share/PrismLauncher/libraries/com/mojang/authlib/6.0.54/authlib-6.0.54.jar:/home/********/.local/share/PrismLauncher/libraries/com/mojang/blocklist/1.0.10/blocklist-1.0.10.jar:/home/********/.local/share/PrismLauncher/libraries/com/mojang/brigadier/1.3.10/brigadier-1.3.10.jar:/home/********/.local/share/PrismLauncher/libraries/com/mojang/datafixerupper/8.0.16/datafixerupper-8.0.16.jar:/home/********/.local/share/PrismLauncher/libraries/com/mojang/logging/1.2.7/logging-1.2.7.jar:/home/********/.local/share/PrismLauncher/libraries/com/mojang/patchy/2.2.10/patchy-2.2.10.jar:/home/********/.local/share/PrismLauncher/libraries/com/mojang/text2speech/1.17.9/text2speech-1.17.9.jar:/home/********/.local/share/PrismLauncher/libraries/commons-codec/commons-codec/1.16.0/commons-codec-1.16.0.jar:/home/********/.local/share/PrismLauncher/libraries/commons-io/commons-io/2.15.1/commons-io-2.15.1.jar:/home/********/.local/share/PrismLauncher/libraries/commons-logging/commons-logging/1.2/commons-logging-1.2.jar:/home/********/.local/share/PrismLauncher/libraries/io/netty/netty-buffer/4.1.97.Final/netty-buffer-4.1.97.Final.jar:/home/********/.local/share/PrismLauncher/libraries/io/netty/netty-codec/4.1.97.Final/netty-codec-4.1.97.Final.jar:/home/********/.local/share/PrismLauncher/libraries/io/netty/netty-common/4.1.97.Final/netty-common-4.1.97.Final.jar:/home/********/.local/share/PrismLauncher/libraries/io/netty/netty-handler/4.1.97.Final/netty-handler-4.1.97.Final.jar:/home/********/.local/share/PrismLauncher/libraries/io/netty/netty-resolver/4.1.97.Final/netty-resolver-4.1.97.Final.jar:/home/********/.local/share/PrismLauncher/libraries/io/netty/netty-transport-classes-epoll/4.1.97.Final/netty-transport-classes-epoll-4.1.97.Final.jar:/home/********/.local/share/PrismLauncher/libraries/io/netty/netty-transport-native-epoll/4.1.97.Final/netty-transport-native-epoll-4.1.97.Final-linux-aarch_64.jar:/home/********/.local/share/PrismLauncher/libraries/io/netty/netty-transport-native-epoll/4.1.97.Final/netty-transport-native-epoll-4.1.97.Final-linux-x86_64.jar:/home/********/.local/share/PrismLauncher/libraries/io/netty/netty-transport-native-unix-common/4.1.97.Final/netty-transport-native-unix-common-4.1.97.Final.jar:/home/********/.local/share/PrismLauncher/libraries/io/netty/netty-transport/4.1.97.Final/netty-transport-4.1.97.Final.jar:/home/********/.local/share/PrismLauncher/libraries/it/unimi/dsi/fastutil/8.5.12/fastutil-8.5.12.jar:/home/********/.local/share/PrismLauncher/libraries/net/java/dev/jna/jna-platform/5.14.0/jna-platform-5.14.0.jar:/home/********/.local/share/PrismLauncher/libraries/net/java/dev/jna/jna/5.14.0/jna-5.14.0.jar:/home/********/.local/share/PrismLauncher/libraries/net/sf/jopt-simple/jopt-simple/5.0.4/jopt-simple-5.0.4.jar:/home/********/.local/share/PrismLauncher/libraries/org/apache/commons/commons-compress/1.26.0/commons-compress-1.26.0.jar:/home/********/.local/share/PrismLauncher/libraries/org/apache/commons/commons-lang3/3.14.0/commons-lang3-3.14.0.jar:/home/********/.local/share/PrismLauncher/libraries/org/apache/httpcomponents/httpclient/4.5.13/httpclient-4.5.13.jar:/home/********/.local/share/PrismLauncher/libraries/org/apache/httpcomponents/httpcore/4.4.16/httpcore-4.4.16.jar:/home/********/.local/share/PrismLauncher/libraries/org/apache/logging/log4j/log4j-api/2.22.1/log4j-api-2.22.1.jar:/home/********/.local/share/PrismLauncher/libraries/org/apache/logging/log4j/log4j-core/2.22.1/log4j-core-2.22.1.jar:/home/********/.local/share/PrismLauncher/libraries/org/apache/logging/log4j/log4j-slf4j2-impl/2.22.1/log4j-slf4j2-impl-2.22.1.jar:/home/********/.local/share/PrismLauncher/libraries/org/jcraft/jorbis/0.0.17/jorbis-0.0.17.jar:/home/********/.local/share/PrismLauncher/libraries/org/joml/joml/1.10.5/joml-1.10.5.jar:/home/********/.local/share/PrismLauncher/libraries/org/lz4/lz4-java/1.8.0/lz4-java-1.8.0.jar:/home/********/.local/share/PrismLauncher/libraries/org/slf4j/slf4j-api/2.0.9/slf4j-api-2.0.9.jar:/home/********/.local/share/PrismLauncher/libraries/net/fabricmc/intermediary/1.21.1/intermediary-1.21.1.jar:/home/********/.local/share/PrismLauncher/libraries/org/ow2/asm/asm/9.9/asm-9.9.jar:/home/********/.local/share/PrismLauncher/libraries/org/ow2/asm/asm-analysis/9.9/asm-analysis-9.9.jar:/home/********/.local/share/PrismLauncher/libraries/org/ow2/asm/asm-commons/9.9/asm-commons-9.9.jar:/home/********/.local/share/PrismLauncher/libraries/org/ow2/asm/asm-tree/9.9/asm-tree-9.9.jar:/home/********/.local/share/PrismLauncher/libraries/org/ow2/asm/asm-util/9.9/asm-util-9.9.jar:/home/********/.local/share/PrismLauncher/libraries/net/fabricmc/sponge-mixin/0.17.0+mixin.0.8.7/sponge-mixin-0.17.0+mixin.0.8.7.jar:/home/********/.local/share/PrismLauncher/libraries/net/fabricmc/fabric-loader/0.18.4/fabric-loader-0.18.4.jar:/home/********/.local/share/PrismLauncher/libraries/com/mojang/minecraft/1.21.1/minecraft-1.21.1-client.jar)
	at knot/com.sun.jna.NativeLibrary.loadLibrary(NativeLibrary.java:325) ~[jna-5.14.0.jar:?]
	at knot/com.sun.jna.NativeLibrary.getInstance(NativeLibrary.java:481) ~[jna-5.14.0.jar:?]
	at knot/com.sun.jna.NativeLibrary.getInstance(NativeLibrary.java:423) ~[jna-5.14.0.jar:?]
	at knot/com.mojang.text2speech.NarratorLinux$FliteLibrary.loadNative(NarratorLinux.java:67) ~[text2speech-1.17.9.jar:?]
	... 11 more
	Suppressed: java.lang.UnsatisfiedLinkError: libflite.so: cannot open shared object file: No such file or directory
		at knot/com.sun.jna.Native.open(Native Method) ~[jna-5.14.0.jar:?]
		at knot/com.sun.jna.NativeLibrary.loadLibrary(NativeLibrary.java:213) ~[jna-5.14.0.jar:?]
		at knot/com.sun.jna.NativeLibrary.getInstance(NativeLibrary.java:481) ~[jna-5.14.0.jar:?]
		at knot/com.sun.jna.NativeLibrary.getInstance(NativeLibrary.java:423) ~[jna-5.14.0.jar:?]
		at knot/com.mojang.text2speech.NarratorLinux$FliteLibrary.loadNative(NarratorLinux.java:67) ~[text2speech-1.17.9.jar:?]
		at knot/com.mojang.text2speech.NarratorLinux.<init>(NarratorLinux.java:18) ~[text2speech-1.17.9.jar:?]
		at knot/com.mojang.text2speech.Narrator.getNarrator(Narrator.java:41) [text2speech-1.17.9.jar:?]
		at knot/net.minecraft.class_333.<init>(class_333.java:19) [client-intermediary.jar:?]
		at knot/net.minecraft.class_310.<init>(class_310.java:675) [client-intermediary.jar:?]
		at knot/net.minecraft.client.main.Main.main(Main.java:239) [client-intermediary.jar:?]
		at net.fabricmc.loader.impl.game.minecraft.MinecraftGameProvider.launch(MinecraftGameProvider.java:514) [fabric-loader-0.18.4.jar:?]
		at net.fabricmc.loader.impl.launch.knot.Knot.launch(Knot.java:72) [fabric-loader-0.18.4.jar:?]
		at net.fabricmc.loader.impl.launch.knot.KnotClient.main(KnotClient.java:23) [fabric-loader-0.18.4.jar:?]
		at org.prismlauncher.launcher.impl.StandardLauncher.launch(StandardLauncher.java:115) [NewLaunch.jar:?]
		at org.prismlauncher.EntryPoint.listen(EntryPoint.java:129) [NewLaunch.jar:?]
		at org.prismlauncher.EntryPoint.main(EntryPoint.java:70) [NewLaunch.jar:?]
	Suppressed: java.lang.UnsatisfiedLinkError: libflite.so: cannot open shared object file: No such file or directory
		at knot/com.sun.jna.Native.open(Native Method) ~[jna-5.14.0.jar:?]
		at knot/com.sun.jna.NativeLibrary.loadLibrary(NativeLibrary.java:226) ~[jna-5.14.0.jar:?]
		at knot/com.sun.jna.NativeLibrary.getInstance(NativeLibrary.java:481) ~[jna-5.14.0.jar:?]
		at knot/com.sun.jna.NativeLibrary.getInstance(NativeLibrary.java:423) ~[jna-5.14.0.jar:?]
		at knot/com.mojang.text2speech.NarratorLinux$FliteLibrary.loadNative(NarratorLinux.java:67) ~[text2speech-1.17.9.jar:?]
		at knot/com.mojang.text2speech.NarratorLinux.<init>(NarratorLinux.java:18) ~[text2speech-1.17.9.jar:?]
		at knot/com.mojang.text2speech.Narrator.getNarrator(Narrator.java:41) [text2speech-1.17.9.jar:?]
		at knot/net.minecraft.class_333.<init>(class_333.java:19) [client-intermediary.jar:?]
		at knot/net.minecraft.class_310.<init>(class_310.java:675) [client-intermediary.jar:?]
		at knot/net.minecraft.client.main.Main.main(Main.java:239) [client-intermediary.jar:?]
		at net.fabricmc.loader.impl.game.minecraft.MinecraftGameProvider.launch(MinecraftGameProvider.java:514) [fabric-loader-0.18.4.jar:?]
		at net.fabricmc.loader.impl.launch.knot.Knot.launch(Knot.java:72) [fabric-loader-0.18.4.jar:?]
		at net.fabricmc.loader.impl.launch.knot.KnotClient.main(KnotClient.java:23) [fabric-loader-0.18.4.jar:?]
		at org.prismlauncher.launcher.impl.StandardLauncher.launch(StandardLauncher.java:115) [NewLaunch.jar:?]
		at org.prismlauncher.EntryPoint.listen(EntryPoint.java:129) [NewLaunch.jar:?]
		at org.prismlauncher.EntryPoint.main(EntryPoint.java:70) [NewLaunch.jar:?]
	Suppressed: java.io.IOException: Native library (linux-x86-64/libflite.so) not found in resource path (/usr/share/PrismLauncher/NewLaunch.jar:/home/********/.local/share/PrismLauncher/libraries/org/lwjgl/lwjgl-freetype-natives-linux/3.3.3/lwjgl-freetype-natives-linux-3.3.3.jar:/home/********/.local/share/PrismLauncher/libraries/org/lwjgl/lwjgl-freetype/3.3.3/lwjgl-freetype-3.3.3.jar:/home/********/.local/share/PrismLauncher/libraries/org/lwjgl/lwjgl-glfw-natives-linux/3.3.3/lwjgl-glfw-natives-linux-3.3.3.jar:/home/********/.local/share/PrismLauncher/libraries/org/lwjgl/lwjgl-glfw/3.3.3/lwjgl-glfw-3.3.3.jar:/home/********/.local/share/PrismLauncher/libraries/org/lwjgl/lwjgl-jemalloc-natives-linux/3.3.3/lwjgl-jemalloc-natives-linux-3.3.3.jar:/home/********/.local/share/PrismLauncher/libraries/org/lwjgl/lwjgl-jemalloc/3.3.3/lwjgl-jemalloc-3.3.3.jar:/home/********/.local/share/PrismLauncher/libraries/org/lwjgl/lwjgl-natives-linux/3.3.3/lwjgl-natives-linux-3.3.3.jar:/home/********/.local/share/PrismLauncher/libraries/org/lwjgl/lwjgl-openal-natives-linux/3.3.3/lwjgl-openal-natives-linux-3.3.3.jar:/home/********/.local/share/PrismLauncher/libraries/org/lwjgl/lwjgl-openal/3.3.3/lwjgl-openal-3.3.3.jar:/home/********/.local/share/PrismLauncher/libraries/org/lwjgl/lwjgl-opengl-natives-linux/3.3.3/lwjgl-opengl-natives-linux-3.3.3.jar:/home/********/.local/share/PrismLauncher/libraries/org/lwjgl/lwjgl-opengl/3.3.3/lwjgl-opengl-3.3.3.jar:/home/********/.local/share/PrismLauncher/libraries/org/lwjgl/lwjgl-stb-natives-linux/3.3.3/lwjgl-stb-natives-linux-3.3.3.jar:/home/********/.local/share/PrismLauncher/libraries/org/lwjgl/lwjgl-stb/3.3.3/lwjgl-stb-3.3.3.jar:/home/********/.local/share/PrismLauncher/libraries/org/lwjgl/lwjgl-tinyfd-natives-linux/3.3.3/lwjgl-tinyfd-natives-linux-3.3.3.jar:/home/********/.local/share/PrismLauncher/libraries/org/lwjgl/lwjgl-tinyfd/3.3.3/lwjgl-tinyfd-3.3.3.jar:/home/********/.local/share/PrismLauncher/libraries/org/lwjgl/lwjgl/3.3.3/lwjgl-3.3.3.jar:/home/********/.local/share/PrismLauncher/libraries/com/github/oshi/oshi-core/6.4.10/oshi-core-6.4.10.jar:/home/********/.local/share/PrismLauncher/libraries/com/google/code/gson/gson/2.10.1/gson-2.10.1.jar:/home/********/.local/share/PrismLauncher/libraries/com/google/guava/failureaccess/1.0.1/failureaccess-1.0.1.jar:/home/********/.local/share/PrismLauncher/libraries/com/google/guava/guava/32.1.2-jre/guava-32.1.2-jre.jar:/home/********/.local/share/PrismLauncher/libraries/com/ibm/icu/icu4j/73.2/icu4j-73.2.jar:/home/********/.local/share/PrismLauncher/libraries/com/mojang/authlib/6.0.54/authlib-6.0.54.jar:/home/********/.local/share/PrismLauncher/libraries/com/mojang/blocklist/1.0.10/blocklist-1.0.10.jar:/home/********/.local/share/PrismLauncher/libraries/com/mojang/brigadier/1.3.10/brigadier-1.3.10.jar:/home/********/.local/share/PrismLauncher/libraries/com/mojang/datafixerupper/8.0.16/datafixerupper-8.0.16.jar:/home/********/.local/share/PrismLauncher/libraries/com/mojang/logging/1.2.7/logging-1.2.7.jar:/home/********/.local/share/PrismLauncher/libraries/com/mojang/patchy/2.2.10/patchy-2.2.10.jar:/home/********/.local/share/PrismLauncher/libraries/com/mojang/text2speech/1.17.9/text2speech-1.17.9.jar:/home/********/.local/share/PrismLauncher/libraries/commons-codec/commons-codec/1.16.0/commons-codec-1.16.0.jar:/home/********/.local/share/PrismLauncher/libraries/commons-io/commons-io/2.15.1/commons-io-2.15.1.jar:/home/********/.local/share/PrismLauncher/libraries/commons-logging/commons-logging/1.2/commons-logging-1.2.jar:/home/********/.local/share/PrismLauncher/libraries/io/netty/netty-buffer/4.1.97.Final/netty-buffer-4.1.97.Final.jar:/home/********/.local/share/PrismLauncher/libraries/io/netty/netty-codec/4.1.97.Final/netty-codec-4.1.97.Final.jar:/home/********/.local/share/PrismLauncher/libraries/io/netty/netty-common/4.1.97.Final/netty-common-4.1.97.Final.jar:/home/********/.local/share/PrismLauncher/libraries/io/netty/netty-handler/4.1.97.Final/netty-handler-4.1.97.Final.jar:/home/********/.local/share/PrismLauncher/libraries/io/netty/netty-resolver/4.1.97.Final/netty-resolver-4.1.97.Final.jar:/home/********/.local/share/PrismLauncher/libraries/io/netty/netty-transport-classes-epoll/4.1.97.Final/netty-transport-classes-epoll-4.1.97.Final.jar:/home/********/.local/share/PrismLauncher/libraries/io/netty/netty-transport-native-epoll/4.1.97.Final/netty-transport-native-epoll-4.1.97.Final-linux-aarch_64.jar:/home/********/.local/share/PrismLauncher/libraries/io/netty/netty-transport-native-epoll/4.1.97.Final/netty-transport-native-epoll-4.1.97.Final-linux-x86_64.jar:/home/********/.local/share/PrismLauncher/libraries/io/netty/netty-transport-native-unix-common/4.1.97.Final/netty-transport-native-unix-common-4.1.97.Final.jar:/home/********/.local/share/PrismLauncher/libraries/io/netty/netty-transport/4.1.97.Final/netty-transport-4.1.97.Final.jar:/home/********/.local/share/PrismLauncher/libraries/it/unimi/dsi/fastutil/8.5.12/fastutil-8.5.12.jar:/home/********/.local/share/PrismLauncher/libraries/net/java/dev/jna/jna-platform/5.14.0/jna-platform-5.14.0.jar:/home/********/.local/share/PrismLauncher/libraries/net/java/dev/jna/jna/5.14.0/jna-5.14.0.jar:/home/********/.local/share/PrismLauncher/libraries/net/sf/jopt-simple/jopt-simple/5.0.4/jopt-simple-5.0.4.jar:/home/********/.local/share/PrismLauncher/libraries/org/apache/commons/commons-compress/1.26.0/commons-compress-1.26.0.jar:/home/********/.local/share/PrismLauncher/libraries/org/apache/commons/commons-lang3/3.14.0/commons-lang3-3.14.0.jar:/home/********/.local/share/PrismLauncher/libraries/org/apache/httpcomponents/httpclient/4.5.13/httpclient-4.5.13.jar:/home/********/.local/share/PrismLauncher/libraries/org/apache/httpcomponents/httpcore/4.4.16/httpcore-4.4.16.jar:/home/********/.local/share/PrismLauncher/libraries/org/apache/logging/log4j/log4j-api/2.22.1/log4j-api-2.22.1.jar:/home/********/.local/share/PrismLauncher/libraries/org/apache/logging/log4j/log4j-core/2.22.1/log4j-core-2.22.1.jar:/home/********/.local/share/PrismLauncher/libraries/org/apache/logging/log4j/log4j-slf4j2-impl/2.22.1/log4j-slf4j2-impl-2.22.1.jar:/home/********/.local/share/PrismLauncher/libraries/org/jcraft/jorbis/0.0.17/jorbis-0.0.17.jar:/home/********/.local/share/PrismLauncher/libraries/org/joml/joml/1.10.5/joml-1.10.5.jar:/home/********/.local/share/PrismLauncher/libraries/org/lz4/lz4-java/1.8.0/lz4-java-1.8.0.jar:/home/********/.local/share/PrismLauncher/libraries/org/slf4j/slf4j-api/2.0.9/slf4j-api-2.0.9.jar:/home/********/.local/share/PrismLauncher/libraries/net/fabricmc/intermediary/1.21.1/intermediary-1.21.1.jar:/home/********/.local/share/PrismLauncher/libraries/org/ow2/asm/asm/9.9/asm-9.9.jar:/home/********/.local/share/PrismLauncher/libraries/org/ow2/asm/asm-analysis/9.9/asm-analysis-9.9.jar:/home/********/.local/share/PrismLauncher/libraries/org/ow2/asm/asm-commons/9.9/asm-commons-9.9.jar:/home/********/.local/share/PrismLauncher/libraries/org/ow2/asm/asm-tree/9.9/asm-tree-9.9.jar:/home/********/.local/share/PrismLauncher/libraries/org/ow2/asm/asm-util/9.9/asm-util-9.9.jar:/home/********/.local/share/PrismLauncher/libraries/net/fabricmc/sponge-mixin/0.17.0+mixin.0.8.7/sponge-mixin-0.17.0+mixin.0.8.7.jar:/home/********/.local/share/PrismLauncher/libraries/net/fabricmc/fabric-loader/0.18.4/fabric-loader-0.18.4.jar:/home/********/.local/share/PrismLauncher/libraries/com/mojang/minecraft/1.21.1/minecraft-1.21.1-client.jar)
		at knot/com.sun.jna.Native.extractFromResourcePath(Native.java:1141) ~[jna-5.14.0.jar:?]
		at knot/com.sun.jna.NativeLibrary.loadLibrary(NativeLibrary.java:297) ~[jna-5.14.0.jar:?]
		at knot/com.sun.jna.NativeLibrary.getInstance(NativeLibrary.java:481) ~[jna-5.14.0.jar:?]
		at knot/com.sun.jna.NativeLibrary.getInstance(NativeLibrary.java:423) ~[jna-5.14.0.jar:?]
		at knot/com.mojang.text2speech.NarratorLinux$FliteLibrary.loadNative(NarratorLinux.java:67) ~[text2speech-1.17.9.jar:?]
		at knot/com.mojang.text2speech.NarratorLinux.<init>(NarratorLinux.java:18) ~[text2speech-1.17.9.jar:?]
		at knot/com.mojang.text2speech.Narrator.getNarrator(Narrator.java:41) [text2speech-1.17.9.jar:?]
		at knot/net.minecraft.class_333.<init>(class_333.java:19) [client-intermediary.jar:?]
		at knot/net.minecraft.class_310.<init>(class_310.java:675) [client-intermediary.jar:?]
		at knot/net.minecraft.client.main.Main.main(Main.java:239) [client-intermediary.jar:?]
		at net.fabricmc.loader.impl.game.minecraft.MinecraftGameProvider.launch(MinecraftGameProvider.java:514) [fabric-loader-0.18.4.jar:?]
		at net.fabricmc.loader.impl.launch.knot.Knot.launch(Knot.java:72) [fabric-loader-0.18.4.jar:?]
		at net.fabricmc.loader.impl.launch.knot.KnotClient.main(KnotClient.java:23) [fabric-loader-0.18.4.jar:?]
		at org.prismlauncher.launcher.impl.StandardLauncher.launch(StandardLauncher.java:115) [NewLaunch.jar:?]
		at org.prismlauncher.EntryPoint.listen(EntryPoint.java:129) [NewLaunch.jar:?]
		at org.prismlauncher.EntryPoint.main(EntryPoint.java:70) [NewLaunch.jar:?]
[09:17:12] [Render thread/INFO]: Reloading ResourceManager: vanilla, fabric, fabric-api, fabric-api-base, fabric-api-lookup-api-v1, fabric-biome-api-v1, fabric-block-api-v1, fabric-block-view-api-v2, fabric-blockrenderlayer-v1, fabric-client-tags-api-v1, fabric-command-api-v1, fabric-command-api-v2, fabric-commands-v0, fabric-content-registries-v0, fabric-convention-tags-v1, fabric-convention-tags-v2, fabric-crash-report-info-v1, fabric-data-attachment-api-v1, fabric-data-generation-api-v1, fabric-dimensions-v1, fabric-entity-events-v1, fabric-events-interaction-v0, fabric-game-rule-api-v1, fabric-item-api-v1, fabric-item-group-api-v1, fabric-key-binding-api-v1, fabric-keybindings-v0, fabric-lifecycle-events-v1, fabric-loot-api-v2, fabric-loot-api-v3, fabric-message-api-v1, fabric-model-loading-api-v1, fabric-networking-api-v1, fabric-object-builder-api-v1, fabric-particles-v1, fabric-recipe-api-v1, fabric-registry-sync-v0, fabric-renderer-api-v1, fabric-renderer-indigo, fabric-renderer-registries-v1, fabric-rendering-data-attachment-v1, fabric-rendering-fluids-v1, fabric-rendering-v0, fabric-rendering-v1, fabric-resource-conditions-api-v1, fabric-resource-loader-v0, fabric-screen-api-v1, fabric-screen-handler-api-v1, fabric-sound-api-v1, fabric-transfer-api-v1, fabric-transitive-access-wideners-v1, fabricloader, gatheringchunks
[09:17:13] [Worker-Main-4/INFO]: Found unifont_all_no_pua-15.1.05.hex, loading
[09:17:13] [Worker-Main-3/ERROR]: Invalid path in mod resource-pack gatheringchunks: gatheringchunks:blockstates/cherryblossumtriggeredchunkspawner.json , ignoring
[09:17:13] [Worker-Main-7/INFO]: Found unifont_jp_patch-15.1.05.hex, loading
[09:17:16] [Render thread/WARN]: Missing sound for event: minecraft:item.goat_horn.play
[09:17:16] [Render thread/WARN]: Missing sound for event: minecraft:entity.goat.screaming.horn_break
[09:17:16] [Render thread/INFO]: OpenAL initialized on device Dummy Output
[09:17:16] [Render thread/INFO]: Sound engine started
[09:17:16] [Render thread/INFO]: Created: 1024x512x4 minecraft:textures/atlas/blocks.png-atlas
[09:17:16] [Render thread/INFO]: Created: 256x256x4 minecraft:textures/atlas/signs.png-atlas
[09:17:16] [Render thread/INFO]: Created: 512x512x4 minecraft:textures/atlas/shield_patterns.png-atlas
[09:17:16] [Render thread/INFO]: Created: 512x512x4 minecraft:textures/atlas/banner_patterns.png-atlas
[09:17:16] [Render thread/INFO]: Created: 1024x1024x4 minecraft:textures/atlas/armor_trims.png-atlas
[09:17:16] [Render thread/INFO]: Created: 256x256x4 minecraft:textures/atlas/chest.png-atlas
[09:17:16] [Render thread/INFO]: Created: 128x64x4 minecraft:textures/atlas/decorated_pot.png-atlas
[09:17:16] [Render thread/INFO]: Created: 512x256x4 minecraft:textures/atlas/shulker_boxes.png-atlas
[09:17:16] [Render thread/INFO]: Created: 512x256x4 minecraft:textures/atlas/beds.png-atlas
[09:17:17] [Render thread/INFO]: Created: 512x256x0 minecraft:textures/atlas/particles.png-atlas
[09:17:17] [Render thread/INFO]: Created: 512x256x0 minecraft:textures/atlas/paintings.png-atlas
[09:17:17] [Render thread/INFO]: Created: 256x128x0 minecraft:textures/atlas/mob_effects.png-atlas
[09:17:17] [Render thread/INFO]: Created: 64x64x0 minecraft:textures/atlas/map_decorations.png-atlas
[09:17:17] [Render thread/INFO]: Created: 1024x512x0 minecraft:textures/atlas/gui.png-atlas
[09:17:17] [Render thread/WARN]: Shader rendertype_entity_translucent_emissive could not find sampler named Sampler2 in the specified shader program.
[09:17:37] [Render thread/INFO]: Loaded 1314 recipes
[09:17:37] [Render thread/ERROR]: Parsing error loading custom advancement gatheringchunks:worldscannerobtained: No key id in MapLike[{"item":"gatheringchunks:worldscanner"}]
[09:17:37] [Render thread/ERROR]: Parsing error loading custom advancement gatheringchunks:worldshardobtained: No key id in MapLike[{"item":"gatheringchunks:worldshard"}]
[09:17:37] [Render thread/ERROR]: Parsing error loading custom advancement gatheringchunks:worldcrystalobtained: No key id in MapLike[{"item":"gatheringchunks:worldcrystal"}]
[09:17:37] [Render thread/ERROR]: Parsing error loading custom advancement gatheringchunks:worldfragmentobtained: No key id in MapLike[{"item":"gatheringchunks:worldfragment"}]
[09:17:37] [Render thread/ERROR]: Parsing error loading custom advancement gatheringchunks:worldmenderobtained: No key id in MapLike[{"item":"gatheringchunks:worldmender"}]
[09:17:37] [Render thread/ERROR]: Couldn't load advancements: [gatheringchunks:biomechunkspawnerobtained, gatheringchunks:chunkspawnerobtained, gatheringchunks:worldcoreobtained, gatheringchunks:unstablechunkspawnerobtained]
[09:17:37] [Render thread/INFO]: Loaded 1401 advancements
[09:17:37] [Render thread/WARN]: Cannot process scanner data 'gatheringchunks:scanner_data/coal.json' without RegistryAccess
[09:17:37] [Render thread/WARN]: Cannot process scanner data 'gatheringchunks:scanner_data/copper.json' without RegistryAccess
[09:17:37] [Render thread/WARN]: Cannot process scanner data 'gatheringchunks:scanner_data/diamond.json' without RegistryAccess
[09:17:37] [Render thread/WARN]: Cannot process scanner data 'gatheringchunks:scanner_data/emerald.json' without RegistryAccess
[09:17:37] [Render thread/WARN]: Cannot process scanner data 'gatheringchunks:scanner_data/gold.json' without RegistryAccess
[09:17:37] [Render thread/WARN]: Cannot process scanner data 'gatheringchunks:scanner_data/iron.json' without RegistryAccess
[09:17:37] [Render thread/WARN]: Cannot process scanner data 'gatheringchunks:scanner_data/lapis_lazuli.json' without RegistryAccess
[09:17:37] [Render thread/WARN]: Cannot process scanner data 'gatheringchunks:scanner_data/redstone.json' without RegistryAccess
[09:17:37] [Render thread/INFO]: Loaded 8 scanner data configs
[09:17:37] [Render thread/INFO]: Loaded 2 sky dimensions
[09:17:41] [Render thread/INFO]: Applied 0 biome modifications to 0 of 64 new biomes in 2.330 ms
[09:17:41] [Server thread/INFO]: Setting up sky dimensions
[09:17:41] [Server thread/INFO]: Setting up sky dimension for minecraft:the_nether
[09:17:41] [Server thread/INFO]: Created generation dimension: gatheringchunks:netherchunkgeneration
[09:17:41] [Server thread/INFO]: Updated existing dimension via accessor: minecraft:the_nether
[09:17:41] [Server thread/INFO]: Setting up sky dimension for minecraft:overworld
[09:17:41] [Server thread/INFO]: Created generation dimension: gatheringchunks:skychunkgeneration
[09:17:41] [Server thread/INFO]: Updated existing dimension via accessor: minecraft:overworld
[09:17:41] [Server thread/WARN]: No matching biome parameters found for theme plains, using first biome as fallback
[09:17:41] [Server thread/WARN]: No matching biome parameters found for theme snow, using first biome as fallback
[09:17:41] [Server thread/WARN]: No matching biome parameters found for theme badlands, using first biome as fallback
[09:17:41] [Server thread/WARN]: No matching biome parameters found for theme forest, using first biome as fallback
[09:17:41] [Server thread/WARN]: No matching biome parameters found for theme savanna, using first biome as fallback
[09:17:41] [Server thread/WARN]: No matching biome parameters found for theme rocky, using first biome as fallback
[09:17:41] [Server thread/WARN]: No matching biome parameters found for theme jungle, using first biome as fallback
[09:17:41] [Server thread/WARN]: No matching biome parameters found for theme mountain, using first biome as fallback
[09:17:41] [Server thread/INFO]: Starting integrated minecraft server version 1.21.1
[09:17:41] [Server thread/INFO]: Generating keypair
[09:17:45] [Server thread/INFO]: Preparing start region for dimension minecraft:overworld
[09:17:46] [Render thread/INFO]: Time elapsed: 90 ms
[09:17:48] [Server thread/INFO]: Spawn shifted to nearest village
[09:17:52] [Server thread/INFO]: Found appropriate spawn chunk in 0 attempts
[09:17:52] [Server thread/INFO]: Void spawn detected at [44, -17] - spawning chunk in place
[09:17:55] [Server thread/INFO]: Void spawn detected at [5, -3] - spawning chunk in place
[09:17:55] [Server thread/WARN]: Can't keep up! Is the server overloaded? Running 9417ms or 188 ticks behind
[09:17:55] [Server thread/INFO]: Spawning chunk [5, -3] in ResourceKey[minecraft:dimension / minecraft:the_nether]
[09:17:55] [Server thread/INFO]: Changing view distance to 12, from 10
[09:17:55] [Server thread/INFO]: Changing simulation distance to 12, from 0
[09:17:56] [Server thread/INFO]: Ryvione[local:E:8fc77e1c] logged in with entity id 12 at (713.5, 82.0, -266.5)
[09:17:57] [Server thread/INFO]: Ryvione joined the game
[09:17:57] [Server thread/INFO]: Ryvione has made the advancement [Chunk By Chunk]
[09:17:57] [Render thread/INFO]: [System] [CHAT] Ryvione has made the advancement [Chunk By Chunk]
[09:17:57] [Render thread/INFO]: Loaded 4 advancements
[09:17:59] [Server thread/INFO]: Spawning chunk [44, -17] in ResourceKey[minecraft:dimension / minecraft:overworld]
[09:18:04] [Server thread/INFO]: Spawning chunk [5, -3] in ResourceKey[minecraft:dimension / minecraft:the_nether]
[09:18:23] [Server thread/INFO]: [Ryvione: Set own game mode to Creative Mode]
[09:18:23] [Render thread/INFO]: [System] [CHAT] Set own game mode to Creative Mode
[09:18:24] [Server thread/INFO]: Saving and pausing game...
[09:18:24] [Server thread/INFO]: Saving chunks for level 'ServerLevel[New World]'/minecraft:overworld
[09:18:25] [Server thread/INFO]: Saving chunks for level 'ServerLevel[New World]'/minecraft:overworld_cherryblossum_gen
[09:18:25] [Server thread/INFO]: Saving chunks for level 'ServerLevel[New World]'/gatheringchunks:netherchunkgeneration
[09:18:25] [Server thread/INFO]: Saving chunks for level 'ServerLevel[New World]'/minecraft:overworld_forest_gen
[09:18:25] [Server thread/INFO]: Saving chunks for level 'ServerLevel[New World]'/minecraft:overworld_swamp_gen
[09:18:25] [Server thread/INFO]: Saving chunks for level 'ServerLevel[New World]'/minecraft:overworld_desert_gen
[09:18:25] [Server thread/INFO]: Saving chunks for level 'ServerLevel[New World]'/minecraft:overworld_badlands_gen
[09:18:25] [Server thread/INFO]: Saving chunks for level 'ServerLevel[New World]'/minecraft:the_end
[09:18:25] [Server thread/INFO]: Saving chunks for level 'ServerLevel[New World]'/minecraft:overworld_plains_gen
[09:18:25] [Server thread/INFO]: Saving chunks for level 'ServerLevel[New World]'/minecraft:overworld_jungle_gen
[09:18:25] [Server thread/INFO]: Saving chunks for level 'ServerLevel[New World]'/minecraft:the_nether
[09:18:26] [Server thread/INFO]: Saving chunks for level 'ServerLevel[New World]'/minecraft:overworld_mountain_gen
[09:18:26] [Server thread/INFO]: Saving chunks for level 'ServerLevel[New World]'/minecraft:overworld_mushroom_gen
[09:18:26] [Server thread/INFO]: Saving chunks for level 'ServerLevel[New World]'/gatheringchunks:skychunkgeneration
[09:18:26] [Server thread/INFO]: Saving chunks for level 'ServerLevel[New World]'/minecraft:overworld_snow_gen
[09:18:26] [Server thread/INFO]: Saving chunks for level 'ServerLevel[New World]'/minecraft:overworld_rocky_gen
[09:18:26] [Server thread/INFO]: Saving chunks for level 'ServerLevel[New World]'/minecraft:overworld_savanna_gen
[09:18:46] [Server thread/INFO]: Saving and pausing game...
[09:18:47] [Server thread/INFO]: Saving chunks for level 'ServerLevel[New World]'/minecraft:overworld
[09:18:47] [Server thread/INFO]: Saving chunks for level 'ServerLevel[New World]'/minecraft:overworld_cherryblossum_gen
[09:18:47] [Server thread/INFO]: Saving chunks for level 'ServerLevel[New World]'/gatheringchunks:netherchunkgeneration
[09:18:47] [Server thread/INFO]: Saving chunks for level 'ServerLevel[New World]'/minecraft:overworld_forest_gen
[09:18:47] [Server thread/INFO]: Saving chunks for level 'ServerLevel[New World]'/minecraft:overworld_swamp_gen
[09:18:47] [Server thread/INFO]: Saving chunks for level 'ServerLevel[New World]'/minecraft:overworld_desert_gen
[09:18:47] [Server thread/INFO]: Saving chunks for level 'ServerLevel[New World]'/minecraft:overworld_badlands_gen
[09:18:47] [Server thread/INFO]: Saving chunks for level 'ServerLevel[New World]'/minecraft:the_end
[09:18:47] [Server thread/INFO]: Saving chunks for level 'ServerLevel[New World]'/minecraft:overworld_plains_gen
[09:18:47] [Server thread/INFO]: Saving chunks for level 'ServerLevel[New World]'/minecraft:overworld_jungle_gen
[09:18:47] [Server thread/INFO]: Saving chunks for level 'ServerLevel[New World]'/minecraft:the_nether
[09:18:47] [Server thread/INFO]: Saving chunks for level 'ServerLevel[New World]'/minecraft:overworld_mountain_gen
[09:18:47] [Server thread/INFO]: Saving chunks for level 'ServerLevel[New World]'/minecraft:overworld_mushroom_gen
[09:18:47] [Server thread/INFO]: Saving chunks for level 'ServerLevel[New World]'/gatheringchunks:skychunkgeneration
[09:18:47] [Server thread/INFO]: Saving chunks for level 'ServerLevel[New World]'/minecraft:overworld_snow_gen
[09:18:47] [Server thread/INFO]: Saving chunks for level 'ServerLevel[New World]'/minecraft:overworld_rocky_gen
[09:18:47] [Server thread/INFO]: Saving chunks for level 'ServerLevel[New World]'/minecraft:overworld_savanna_gen
[09:18:53] [Server thread/INFO]: Ryvione has made the advancement [Every Chunk in its Place]
[09:18:53] [Render thread/INFO]: [System] [CHAT] Ryvione has made the advancement [Every Chunk in its Place]
[09:18:54] [Server thread/INFO]: Ryvione has made the advancement [Particular Tastes]
[09:18:54] [Render thread/INFO]: [System] [CHAT] Ryvione has made the advancement [Particular Tastes]
[09:19:13] [Server thread/INFO]: Void spawn detected at [43, -17] - spawning chunk in place
[09:19:13] [Server thread/INFO]: Spawning chunk [43, -17] in ResourceKey[minecraft:dimension / minecraft:overworld]
[09:19:16] [Server thread/INFO]: Spawning chunk [5, -3] in ResourceKey[minecraft:dimension / minecraft:the_nether]
[09:19:16] [Server thread/INFO]: Void spawn detected at [43, -16] - spawning chunk in place
[09:19:17] [Server thread/INFO]: Spawning chunk [43, -16] in ResourceKey[minecraft:dimension / minecraft:overworld]
[09:19:20] [Server thread/INFO]: Spawning chunk [5, -2] in ResourceKey[minecraft:dimension / minecraft:the_nether]
[09:19:29] [Server thread/INFO]: Found valid chunk for biome 'plains' at [-34034, 188842] after 2 attempts
[09:19:29] [Server thread/INFO]: Void spawn detected at [44, -16] - spawning chunk in place
[09:19:29] [Server thread/WARN]: Can't keep up! Is the server overloaded? Running 4672ms or 93 ticks behind
[09:19:29] [Server thread/INFO]: Spawning chunk [44, -16] in ResourceKey[minecraft:dimension / minecraft:overworld]
[09:19:29] [Server thread/INFO]: Found valid chunk for biome 'plains' at [-34034, 188842] after 2 attempts
[09:19:29] [Server thread/INFO]: Void spawn detected at [44, -16] - spawning chunk in place
[09:19:29] [Server thread/INFO]: Found valid chunk for biome 'plains' at [-34034, 188842] after 2 attempts
[09:19:29] [Server thread/INFO]: Void spawn detected at [44, -16] - spawning chunk in place
[09:19:29] [Server thread/INFO]: Found 1 adjacent chunk(s) with theme 'plains', attempting terrain match
[09:19:29] [Render thread/INFO]: [System] [CHAT] §c[ChunkByChunk] §6WARNING: §eChunk at [44, -17] is already occupied!
[09:19:29] [Render thread/INFO]: [System] [CHAT] §eClick the spawner again within 30 seconds to confirm overwrite.
[09:19:29] [Render thread/INFO]: [System] [CHAT] §6[ChunkByChunk] §eOverwriting chunk at [44, -17]
[09:19:37] [Server thread/INFO]: Found terrain-matched chunk for biome 'plains' at [-32890, 283798] after 5 attempts
[09:19:37] [Server thread/INFO]: Found 1 adjacent chunk(s) with theme 'plains', attempting terrain match
[09:19:37] [Server thread/INFO]: Found terrain-matched chunk for biome 'plains' at [-34034, 188842] after 2 attempts
[09:19:37] [Server thread/INFO]: Void spawn detected at [44, -16] - spawning chunk in place
[09:19:37] [Server thread/WARN]: Chunk spawn request failed for [44, -16] (Theme: plains)
[09:19:37] [Server thread/INFO]: Found 1 adjacent chunk(s) with theme 'plains', attempting terrain match
[09:19:37] [Server thread/INFO]: Found terrain-matched chunk for biome 'plains' at [-34034, 188842] after 2 attempts
[09:19:37] [Server thread/INFO]: Void spawn detected at [44, -16] - spawning chunk in place
[09:19:37] [Server thread/WARN]: Chunk spawn request failed for [44, -16] (Theme: plains)
[09:19:37] [Server thread/INFO]: Found 1 adjacent chunk(s) with theme 'plains', attempting terrain match
[09:19:37] [Server thread/INFO]: Found terrain-matched chunk for biome 'plains' at [-34034, 188842] after 2 attempts
[09:19:37] [Server thread/INFO]: Void spawn detected at [44, -16] - spawning chunk in place
[09:19:37] [Server thread/WARN]: Chunk spawn request failed for [44, -16] (Theme: plains)
[09:19:37] [Server thread/INFO]: Found 1 adjacent chunk(s) with theme 'plains', attempting terrain match
[09:19:37] [Server thread/INFO]: Found terrain-matched chunk for biome 'plains' at [-34034, 188842] after 2 attempts
[09:19:37] [Server thread/INFO]: Void spawn detected at [44, -16] - spawning chunk in place
[09:19:37] [Server thread/WARN]: Chunk spawn request failed for [44, -16] (Theme: plains)
[09:19:37] [Server thread/INFO]: Found 1 adjacent chunk(s) with theme 'plains', attempting terrain match
[09:19:37] [Server thread/INFO]: Found terrain-matched chunk for biome 'plains' at [-34034, 188842] after 2 attempts
[09:19:37] [Server thread/INFO]: Void spawn detected at [44, -16] - spawning chunk in place
[09:19:37] [Server thread/WARN]: Chunk spawn request failed for [44, -16] (Theme: plains)
[09:19:37] [Server thread/INFO]: Found 1 adjacent chunk(s) with theme 'plains', attempting terrain match
[09:19:37] [Server thread/INFO]: Found terrain-matched chunk for biome 'plains' at [-34034, 188842] after 2 attempts
[09:19:37] [Server thread/INFO]: Void spawn detected at [44, -16] - spawning chunk in place
[09:19:37] [Server thread/WARN]: Chunk spawn request failed for [44, -16] (Theme: plains)
[09:19:37] [Render thread/INFO]: [System] [CHAT] §c[ChunkByChunk] §eNo valid adjacent chunks found or spawn limit reached. Check logs for details.
[09:19:37] [Render thread/INFO]: [System] [CHAT] §c[ChunkByChunk] §eNo valid adjacent chunks found or spawn limit reached. Check logs for details.
[09:19:39] [Server thread/INFO]: Spawning chunk [44, -17] in ResourceKey[minecraft:dimension / minecraft:overworld]
[09:19:42] [Server thread/INFO]: Spawning chunk [5, -2] in ResourceKey[minecraft:dimension / minecraft:the_nether]
[09:19:44] [Server thread/INFO]: Spawning chunk [5, -3] in ResourceKey[minecraft:dimension / minecraft:the_nether]
[09:19:48] [Server thread/INFO]: Saving and pausing game...
[09:19:48] [Server thread/INFO]: Saving chunks for level 'ServerLevel[New World]'/minecraft:overworld
[09:19:48] [Server thread/INFO]: Saving chunks for level 'ServerLevel[New World]'/minecraft:overworld_cherryblossum_gen
[09:19:48] [Server thread/INFO]: Saving chunks for level 'ServerLevel[New World]'/gatheringchunks:netherchunkgeneration
[09:19:48] [Server thread/INFO]: Saving chunks for level 'ServerLevel[New World]'/minecraft:overworld_forest_gen
[09:19:48] [Server thread/INFO]: Saving chunks for level 'ServerLevel[New World]'/minecraft:overworld_swamp_gen
[09:19:48] [Server thread/INFO]: Saving chunks for level 'ServerLevel[New World]'/minecraft:overworld_desert_gen
[09:19:48] [Server thread/INFO]: Saving chunks for level 'ServerLevel[New World]'/minecraft:overworld_badlands_gen
[09:19:48] [Server thread/INFO]: Saving chunks for level 'ServerLevel[New World]'/minecraft:the_end
[09:19:49] [Server thread/INFO]: Saving chunks for level 'ServerLevel[New World]'/minecraft:overworld_plains_gen
[09:19:49] [Server thread/INFO]: Saving chunks for level 'ServerLevel[New World]'/minecraft:overworld_jungle_gen
[09:19:49] [Server thread/INFO]: Saving chunks for level 'ServerLevel[New World]'/minecraft:the_nether
[09:19:49] [Server thread/INFO]: Saving chunks for level 'ServerLevel[New World]'/minecraft:overworld_mountain_gen
[09:19:49] [Server thread/INFO]: Saving chunks for level 'ServerLevel[New World]'/minecraft:overworld_mushroom_gen
[09:19:49] [Server thread/INFO]: Saving chunks for level 'ServerLevel[New World]'/gatheringchunks:skychunkgeneration
[09:19:50] [Server thread/INFO]: Saving chunks for level 'ServerLevel[New World]'/minecraft:overworld_snow_gen
[09:19:50] [Server thread/INFO]: Saving chunks for level 'ServerLevel[New World]'/minecraft:overworld_rocky_gen
[09:19:50] [Server thread/INFO]: Saving chunks for level 'ServerLevel[New World]'/minecraft:overworld_savanna_gen
[09:19:50] [Server thread/WARN]: Can't keep up! Is the server overloaded? Running 2583ms or 51 ticks behind
[09:20:15] [Server thread/INFO]: Found valid chunk for biome 'cherryblossum' at [-189475, -463284] after 1 attempts
[09:20:15] [Server thread/INFO]: Void spawn detected at [45, -16] - spawning chunk in place
[09:20:16] [Server thread/INFO]: Spawning chunk [45, -16] in ResourceKey[minecraft:dimension / minecraft:overworld]
[09:20:19] [Server thread/INFO]: Spawning chunk [5, -2] in ResourceKey[minecraft:dimension / minecraft:the_nether]
[09:20:21] [Server thread/INFO]: Found 1 adjacent chunk(s) with theme 'cherryblossum', attempting terrain match
[09:20:23] [Server thread/INFO]: Found terrain-matched chunk for biome 'cherryblossum' at [-10986, 106040] after 1 attempts
[09:20:23] [Server thread/INFO]: Void spawn detected at [45, -17] - spawning chunk in place
[09:20:23] [Server thread/WARN]: Can't keep up! Is the server overloaded? Running 2082ms or 41 ticks behind
[09:20:23] [Server thread/INFO]: Spawning chunk [45, -17] in ResourceKey[minecraft:dimension / minecraft:overworld]
[09:20:28] [Server thread/INFO]: Spawning chunk [5, -3] in ResourceKey[minecraft:dimension / minecraft:the_nether]
[09:20:30] [Server thread/INFO]: Void spawn detected at [44, -18] - spawning chunk in place
[09:20:30] [Server thread/INFO]: Spawning chunk [44, -18] in ResourceKey[minecraft:dimension / minecraft:overworld]
[09:20:33] [Server thread/INFO]: Spawning chunk [5, -3] in ResourceKey[minecraft:dimension / minecraft:the_nether]
[09:20:41] [Server thread/INFO]: Found valid chunk for biome 'forest' at [112838, 211740] after 1 attempts
[09:20:41] [Server thread/INFO]: Void spawn detected at [44, -15] - spawning chunk in place
[09:20:41] [Server thread/INFO]: Spawning chunk [44, -15] in ResourceKey[minecraft:dimension / minecraft:overworld]
[09:20:44] [Server thread/INFO]: Spawning chunk [5, -2] in ResourceKey[minecraft:dimension / minecraft:the_nether]
[09:20:52] [Server thread/INFO]: Found valid chunk for biome 'plains' at [34753, -472322] after 4 attempts
[09:20:52] [Server thread/INFO]: Void spawn detected at [43, -15] - spawning chunk in place
[09:20:52] [Server thread/WARN]: Can't keep up! Is the server overloaded? Running 4350ms or 87 ticks behind
[09:20:52] [Server thread/INFO]: Spawning chunk [43, -15] in ResourceKey[minecraft:dimension / minecraft:overworld]
[09:20:55] [Server thread/INFO]: Spawning chunk [5, -2] in ResourceKey[minecraft:dimension / minecraft:the_nether]
[09:21:03] [Server thread/INFO]: Found valid chunk for biome 'cherryblossum' at [-331918, -230431] after 2 attempts
[09:21:03] [Server thread/INFO]: Void spawn detected at [43, -18] - spawning chunk in place
[09:21:03] [Server thread/INFO]: Spawning chunk [43, -18] in ResourceKey[minecraft:dimension / minecraft:overworld]
[09:21:06] [Server thread/INFO]: Spawning chunk [5, -3] in ResourceKey[minecraft:dimension / minecraft:the_nether]
[09:21:11] [Server thread/INFO]: Found 1 adjacent chunk(s) with theme 'cherryblossum', attempting terrain match
[09:21:14] [Server thread/INFO]: Found terrain-matched chunk for biome 'cherryblossum' at [-59846, -422688] after 2 attempts
[09:21:14] [Server thread/INFO]: Void spawn detected at [43, -19] - spawning chunk in place
[09:21:14] [Server thread/WARN]: Can't keep up! Is the server overloaded? Running 2494ms or 49 ticks behind
[09:21:14] [Server thread/INFO]: Spawning chunk [43, -19] in ResourceKey[minecraft:dimension / minecraft:overworld]
[09:21:17] [Server thread/INFO]: Spawning chunk [5, -3] in ResourceKey[minecraft:dimension / minecraft:the_nether]
[09:21:20] [Server thread/INFO]: Found 1 adjacent chunk(s) with theme 'cherryblossum', attempting terrain match
[09:21:24] [Server thread/INFO]: Found terrain-matched chunk for biome 'cherryblossum' at [-392427, 125236] after 4 attempts
[09:21:24] [Server thread/INFO]: Void spawn detected at [42, -19] - spawning chunk in place
[09:21:24] [Server thread/INFO]: Spawning chunk [42, -19] in ResourceKey[minecraft:dimension / minecraft:overworld]
[09:21:24] [Server thread/INFO]: Found 2 adjacent chunk(s) with theme 'cherryblossum', attempting terrain match
[09:21:34] [Server thread/INFO]: Found terrain-matched chunk for biome 'cherryblossum' at [59347, -46910] after 7 attempts
[09:21:34] [Server thread/INFO]: Void spawn detected at [42, -18] - spawning chunk in place
[09:21:36] [Server thread/INFO]: Spawning chunk [42, -18] in ResourceKey[minecraft:dimension / minecraft:overworld]
[09:21:38] [Server thread/WARN]: Can't keep up! Is the server overloaded? Running 8770ms or 175 ticks behind
[09:21:41] [Server thread/INFO]: Spawning chunk [5, -3] in ResourceKey[minecraft:dimension / minecraft:the_nether]
[09:21:51] [Server thread/INFO]: [Ryvione: Set own game mode to Spectator Mode]
[09:21:51] [Render thread/INFO]: [System] [CHAT] Set own game mode to Spectator Mode
[09:21:58] [Server thread/INFO]: [Ryvione: Set own game mode to Creative Mode]
[09:21:58] [Render thread/INFO]: [System] [CHAT] Set own game mode to Creative Mode
[09:21:59] [Server thread/INFO]: Found 1 adjacent chunk(s) with theme 'cherryblossum', attempting terrain match
[09:22:02] [Server thread/INFO]: Found terrain-matched chunk for biome 'cherryblossum' at [-58290, -79646] after 3 attempts
[09:22:02] [Server thread/INFO]: Void spawn detected at [42, -20] - spawning chunk in place
[09:22:02] [Server thread/WARN]: Can't keep up! Is the server overloaded? Running 3021ms or 60 ticks behind
[09:22:02] [Server thread/INFO]: Spawning chunk [42, -20] in ResourceKey[minecraft:dimension / minecraft:overworld]
[09:22:04] [Server thread/INFO]: Spawning chunk [5, -3] in ResourceKey[minecraft:dimension / minecraft:the_nether]
[09:22:05] [Server thread/INFO]: Saving and pausing game...
[09:22:06] [Server thread/INFO]: Saving chunks for level 'ServerLevel[New World]'/minecraft:overworld
[09:22:06] [Server thread/INFO]: Saving chunks for level 'ServerLevel[New World]'/minecraft:overworld_cherryblossum_gen
[09:22:06] [Server thread/INFO]: Saving chunks for level 'ServerLevel[New World]'/gatheringchunks:netherchunkgeneration
[09:22:06] [Server thread/INFO]: Saving chunks for level 'ServerLevel[New World]'/minecraft:overworld_forest_gen
[09:22:06] [Server thread/INFO]: Saving chunks for level 'ServerLevel[New World]'/minecraft:overworld_swamp_gen
[09:22:06] [Server thread/INFO]: Saving chunks for level 'ServerLevel[New World]'/minecraft:overworld_desert_gen
Clipboard copy at: 07 Feb 2026 09:22:06 +0100
